[0.111s] DEBUG:colcon:Command line arguments: ['/usr/bin/colcon', 'build', '--packages-select', 'uwb_mdek1001']
[0.111s] DEBUG:colcon:Parsed command line arguments: Namespace(log_base=None, log_level=None, verb_name='build', build_base='build', install_base='install', merge_install=False, symlink_install=False, test_result_base=None, continue_on_error=False, executor='parallel', parallel_workers=8, event_handlers=None, ignore_user_meta=False, metas=['./colcon.meta'], base_paths=['.'], packages_ignore=None, packages_ignore_regex=None, paths=None, packages_up_to=None, packages_up_to_regex=None, packages_above=None, packages_above_and_dependencies=None, packages_above_depth=None, packages_select_by_dep=None, packages_skip_by_dep=None, packages_skip_up_to=None, packages_select_build_failed=False, packages_skip_build_finished=False, packages_select_test_failures=False, packages_skip_test_passed=False, packages_select=['uwb_mdek1001'], packages_skip=None, packages_select_regex=None, packages_skip_regex=None, packages_start=None, packages_end=None, allow_overriding=[], cmake_args=None, cmake_target=None, cmake_target_skip_unavailable=False, cmake_clean_cache=False, cmake_clean_first=False, cmake_force_configure=False, ament_cmake_args=None, catkin_cmake_args=None, catkin_skip_building_tests=False, verb_parser=<colcon_defaults.argument_parser.defaults.DefaultArgumentsDecorator object at 0x7cdb7f165040>, verb_extension=<colcon_core.verb.build.BuildVerb object at 0x7cdb7f164410>, main=<bound method BuildVerb.main of <colcon_core.verb.build.BuildVerb object at 0x7cdb7f164410>>)
[0.183s] Level 1:colcon.colcon_core.package_discovery:discover_packages(colcon_meta) check parameters
[0.183s] Level 1:colcon.colcon_core.package_discovery:discover_packages(recursive) check parameters
[0.183s] Level 1:colcon.colcon_core.package_discovery:discover_packages(ignore) check parameters
[0.183s] Level 1:colcon.colcon_core.package_discovery:discover_packages(path) check parameters
[0.183s] Level 1:colcon.colcon_core.package_discovery:discover_packages(colcon_meta) discover
[0.183s] Level 1:colcon.colcon_core.package_discovery:discover_packages(recursive) discover
[0.183s] INFO:colcon.colcon_core.package_discovery:Crawling recursively for packages in '/home/muhammed-servan/PycharmProjects/uwbNode'
[0.183s] Level 1:colcon.colcon_core.package_identification:_identify(.) by extensions ['ignore', 'ignore_ament_install']
[0.183s] Level 1:colcon.colcon_core.package_identification:_identify(.) by extension 'ignore'
[0.184s] Level 1:colcon.colcon_core.package_identification:_identify(.) by extension 'ignore_ament_install'
[0.184s] Level 1:colcon.colcon_core.package_identification:_identify(.) by extensions ['colcon_pkg']
[0.184s] Level 1:colcon.colcon_core.package_identification:_identify(.) by extension 'colcon_pkg'
[0.184s] Level 1:colcon.colcon_core.package_identification:_identify(.) by extensions ['colcon_meta']
[0.184s] Level 1:colcon.colcon_core.package_identification:_identify(.) by extension 'colcon_meta'
[0.184s] Level 1:colcon.colcon_core.package_identification:_identify(.) by extensions ['ros']
[0.184s] Level 1:colcon.colcon_core.package_identification:_identify(.) by extension 'ros'
[0.211s] Level 1:colcon.colcon_core.package_identification:_identify(.) by extensions ['cmake', 'python']
[0.211s] Level 1:colcon.colcon_core.package_identification:_identify(.) by extension 'cmake'
[0.211s] Level 1:colcon.colcon_core.package_identification:_identify(.) by extension 'python'
[0.211s] Level 1:colcon.colcon_core.package_identification:_identify(.) by extensions ['python_setup_py']
[0.211s] Level 1:colcon.colcon_core.package_identification:_identify(.) by extension 'python_setup_py'
[0.211s] Level 1:colcon.colcon_core.package_identification:_identify(build) by extensions ['ignore', 'ignore_ament_install']
[0.212s] Level 1:colcon.colcon_core.package_identification:_identify(build) by extension 'ignore'
[0.212s] Level 1:colcon.colcon_core.package_identification:_identify(build) ignored
[0.212s] Level 1:colcon.colcon_core.package_identification:_identify(install) by extensions ['ignore', 'ignore_ament_install']
[0.212s] Level 1:colcon.colcon_core.package_identification:_identify(install) by extension 'ignore'
[0.212s] Level 1:colcon.colcon_core.package_identification:_identify(install) ignored
[0.212s] Level 1:colcon.colcon_core.package_identification:_identify(log) by extensions ['ignore', 'ignore_ament_install']
[0.212s] Level 1:colcon.colcon_core.package_identification:_identify(log) by extension 'ignore'
[0.212s] Level 1:colcon.colcon_core.package_identification:_identify(log) ignored
[0.212s] Level 1:colcon.colcon_core.package_identification:_identify(src) by extensions ['ignore', 'ignore_ament_install']
[0.212s] Level 1:colcon.colcon_core.package_identification:_identify(src) by extension 'ignore'
[0.212s] Level 1:colcon.colcon_core.package_identification:_identify(src) by extension 'ignore_ament_install'
[0.212s] Level 1:colcon.colcon_core.package_identification:_identify(src) by extensions ['colcon_pkg']
[0.212s] Level 1:colcon.colcon_core.package_identification:_identify(src) by extension 'colcon_pkg'
[0.213s] Level 1:colcon.colcon_core.package_identification:_identify(src) by extensions ['colcon_meta']
[0.213s] Level 1:colcon.colcon_core.package_identification:_identify(src) by extension 'colcon_meta'
[0.213s] Level 1:colcon.colcon_core.package_identification:_identify(src) by extensions ['ros']
[0.213s] Level 1:colcon.colcon_core.package_identification:_identify(src) by extension 'ros'
[0.213s] Level 1:colcon.colcon_core.package_identification:_identify(src) by extensions ['cmake', 'python']
[0.213s] Level 1:colcon.colcon_core.package_identification:_identify(src) by extension 'cmake'
[0.213s] Level 1:colcon.colcon_core.package_identification:_identify(src) by extension 'python'
[0.213s] Level 1:colcon.colcon_core.package_identification:_identify(src) by extensions ['python_setup_py']
[0.213s] Level 1:colcon.colcon_core.package_identification:_identify(src) by extension 'python_setup_py'
[0.213s] Level 1:colcon.colcon_core.package_identification:_identify(src/uwb_mdek1001) by extensions ['ignore', 'ignore_ament_install']
[0.213s] Level 1:colcon.colcon_core.package_identification:_identify(src/uwb_mdek1001) by extension 'ignore'
[0.213s] Level 1:colcon.colcon_core.package_identification:_identify(src/uwb_mdek1001) by extension 'ignore_ament_install'
[0.213s] Level 1:colcon.colcon_core.package_identification:_identify(src/uwb_mdek1001) by extensions ['colcon_pkg']
[0.213s] Level 1:colcon.colcon_core.package_identification:_identify(src/uwb_mdek1001) by extension 'colcon_pkg'
[0.213s] Level 1:colcon.colcon_core.package_identification:_identify(src/uwb_mdek1001) by extensions ['colcon_meta']
[0.213s] Level 1:colcon.colcon_core.package_identification:_identify(src/uwb_mdek1001) by extension 'colcon_meta'
[0.213s] Level 1:colcon.colcon_core.package_identification:_identify(src/uwb_mdek1001) by extensions ['ros']
[0.213s] Level 1:colcon.colcon_core.package_identification:_identify(src/uwb_mdek1001) by extension 'ros'
[0.218s] DEBUG:colcon.colcon_core.package_identification:Package 'src/uwb_mdek1001' with type 'ros.ament_python' and name 'uwb_mdek1001'
[0.218s] Level 1:colcon.colcon_core.package_discovery:discover_packages(recursive) using defaults
[0.218s] Level 1:colcon.colcon_core.package_discovery:discover_packages(ignore) discover
[0.218s] Level 1:colcon.colcon_core.package_discovery:discover_packages(ignore) using defaults
[0.218s] Level 1:colcon.colcon_core.package_discovery:discover_packages(path) discover
[0.218s] Level 1:colcon.colcon_core.package_discovery:discover_packages(path) using defaults
[0.237s] Level 1:colcon.colcon_core.package_discovery:discover_packages(prefix_path) check parameters
[0.237s] Level 1:colcon.colcon_core.package_discovery:discover_packages(prefix_path) discover
[0.240s] DEBUG:colcon.colcon_installed_package_information.package_discovery:Found 286 installed packages in /opt/ros/jazzy
[0.241s] Level 1:colcon.colcon_core.package_discovery:discover_packages(prefix_path) using defaults
[0.283s] Level 5:colcon.colcon_core.verb:set package 'uwb_mdek1001' build argument 'cmake_args' from command line to 'None'
[0.283s] Level 5:colcon.colcon_core.verb:set package 'uwb_mdek1001' build argument 'cmake_target' from command line to 'None'
[0.283s] Level 5:colcon.colcon_core.verb:set package 'uwb_mdek1001' build argument 'cmake_target_skip_unavailable' from command line to 'False'
[0.283s] Level 5:colcon.colcon_core.verb:set package 'uwb_mdek1001' build argument 'cmake_clean_cache' from command line to 'False'
[0.284s] Level 5:colcon.colcon_core.verb:set package 'uwb_mdek1001' build argument 'cmake_clean_first' from command line to 'False'
[0.284s] Level 5:colcon.colcon_core.verb:set package 'uwb_mdek1001' build argument 'cmake_force_configure' from command line to 'False'
[0.284s] Level 5:colcon.colcon_core.verb:set package 'uwb_mdek1001' build argument 'ament_cmake_args' from command line to 'None'
[0.284s] Level 5:colcon.colcon_core.verb:set package 'uwb_mdek1001' build argument 'catkin_cmake_args' from command line to 'None'
[0.284s] Level 5:colcon.colcon_core.verb:set package 'uwb_mdek1001' build argument 'catkin_skip_building_tests' from command line to 'False'
[0.284s] DEBUG:colcon.colcon_core.verb:Building package 'uwb_mdek1001' with the following arguments: {'ament_cmake_args': None, 'build_base': '/home/muhammed-servan/PycharmProjects/uwbNode/build/uwb_mdek1001', 'catkin_cmake_args': None, 'catkin_skip_building_tests': False, 'cmake_args': None, 'cmake_clean_cache': False, 'cmake_clean_first': False, 'cmake_force_configure': False, 'cmake_target': None, 'cmake_target_skip_unavailable': False, 'install_base': '/home/muhammed-servan/PycharmProjects/uwbNode/install/uwb_mdek1001', 'merge_install': False, 'path': '/home/muhammed-servan/PycharmProjects/uwbNode/src/uwb_mdek1001', 'symlink_install': False, 'test_result_base': None}
[0.284s] INFO:colcon.colcon_core.executor:Executing jobs using 'parallel' executor
[0.285s] DEBUG:colcon.colcon_parallel_executor.executor.parallel:run_until_complete
[0.285s] INFO:colcon.colcon_ros.task.ament_python.build:Building ROS package in '/home/muhammed-servan/PycharmProjects/uwbNode/src/uwb_mdek1001' with build type 'ament_python'
[0.285s] Level 1:colcon.colcon_core.shell:create_environment_hook('uwb_mdek1001', 'ament_prefix_path')
[0.287s] INFO:colcon.colcon_core.plugin_system:Skipping extension 'colcon_core.shell.bat': Not used on non-Windows systems
[0.287s] INFO:colcon.colcon_core.shell:Creating environment hook '/home/muhammed-servan/PycharmProjects/uwbNode/install/uwb_mdek1001/share/uwb_mdek1001/hook/ament_prefix_path.ps1'
[0.288s] INFO:colcon.colcon_core.shell:Creating environment descriptor '/home/muhammed-servan/PycharmProjects/uwbNode/install/uwb_mdek1001/share/uwb_mdek1001/hook/ament_prefix_path.dsv'
[0.288s] INFO:colcon.colcon_core.shell:Creating environment hook '/home/muhammed-servan/PycharmProjects/uwbNode/install/uwb_mdek1001/share/uwb_mdek1001/hook/ament_prefix_path.sh'
[0.289s] INFO:colcon.colcon_core.shell:Skip shell extension 'powershell' for command environment: Not usable outside of PowerShell
[0.289s] DEBUG:colcon.colcon_core.shell:Skip shell extension 'dsv' for command environment
[0.510s] INFO:colcon.colcon_core.task.python.build:Building Python package in '/home/muhammed-servan/PycharmProjects/uwbNode/src/uwb_mdek1001'
[0.511s] INFO:colcon.colcon_core.shell:Skip shell extension 'powershell' for command environment: Not usable outside of PowerShell
[0.511s] DEBUG:colcon.colcon_core.shell:Skip shell extension 'dsv' for command environment
[1.244s] DEBUG:colcon.colcon_core.event_handler.log_command:Invoking command in '/home/muhammed-servan/PycharmProjects/uwbNode/src/uwb_mdek1001': DEBUGINFOD_URLS=https://debuginfod.ubuntu.com PS1=(.venv) \[\e]0;\u@\h: \w\a\]${debian_chroot:+($debian_chroot)}\[\033[01;32m\]\u@\h\[\033[00m\]:\[\033[01;34m\]\w\[\033[00m\]\$ PYTHONPATH=/home/muhammed-servan/PycharmProjects/uwbNode/build/uwb_mdek1001/prefix_override:/usr/lib/python3/dist-packages/colcon_core/task/python/colcon_distutils_commands:/home/muhammed-servan/PycharmProjects/uwbNode/install/uwb_mdek1001/lib/python3.12/site-packages:${PYTHONPATH} /usr/bin/python3 -W ignore:setup.py install is deprecated -W ignore:easy_install command is deprecated setup.py egg_info --egg-base ../../build/uwb_mdek1001 build --build-base /home/muhammed-servan/PycharmProjects/uwbNode/build/uwb_mdek1001/build install --record /home/muhammed-servan/PycharmProjects/uwbNode/build/uwb_mdek1001/install.log --single-version-externally-managed install_data
[1.794s] DEBUG:colcon.colcon_core.event_handler.log_command:Invoked command in '/home/muhammed-servan/PycharmProjects/uwbNode/src/uwb_mdek1001' returned '0': DEBUGINFOD_URLS=https://debuginfod.ubuntu.com PS1=(.venv) \[\e]0;\u@\h: \w\a\]${debian_chroot:+($debian_chroot)}\[\033[01;32m\]\u@\h\[\033[00m\]:\[\033[01;34m\]\w\[\033[00m\]\$ PYTHONPATH=/home/muhammed-servan/PycharmProjects/uwbNode/build/uwb_mdek1001/prefix_override:/usr/lib/python3/dist-packages/colcon_core/task/python/colcon_distutils_commands:/home/muhammed-servan/PycharmProjects/uwbNode/install/uwb_mdek1001/lib/python3.12/site-packages:${PYTHONPATH} /usr/bin/python3 -W ignore:setup.py install is deprecated -W ignore:easy_install command is deprecated setup.py egg_info --egg-base ../../build/uwb_mdek1001 build --build-base /home/muhammed-servan/PycharmProjects/uwbNode/build/uwb_mdek1001/build install --record /home/muhammed-servan/PycharmProjects/uwbNode/build/uwb_mdek1001/install.log --single-version-externally-managed install_data
[1.796s] Level 1:colcon.colcon_core.environment:checking '/home/muhammed-servan/PycharmProjects/uwbNode/install/uwb_mdek1001' for CMake module files
[1.796s] Level 1:colcon.colcon_core.environment:checking '/home/muhammed-servan/PycharmProjects/uwbNode/install/uwb_mdek1001' for CMake config files
[1.797s] Level 1:colcon.colcon_core.environment:checking '/home/muhammed-servan/PycharmProjects/uwbNode/install/uwb_mdek1001/lib'
[1.797s] Level 1:colcon.colcon_core.environment:checking '/home/muhammed-servan/PycharmProjects/uwbNode/install/uwb_mdek1001/bin'
[1.797s] Level 1:colcon.colcon_core.environment:checking '/home/muhammed-servan/PycharmProjects/uwbNode/install/uwb_mdek1001/lib/pkgconfig/uwb_mdek1001.pc'
[1.797s] Level 1:colcon.colcon_core.environment:checking '/home/muhammed-servan/PycharmProjects/uwbNode/install/uwb_mdek1001/lib/python3.12/site-packages'
[1.797s] Level 1:colcon.colcon_core.shell:create_environment_hook('uwb_mdek1001', 'pythonpath')
[1.798s] INFO:colcon.colcon_core.shell:Creating environment hook '/home/muhammed-servan/PycharmProjects/uwbNode/install/uwb_mdek1001/share/uwb_mdek1001/hook/pythonpath.ps1'
[1.798s] INFO:colcon.colcon_core.shell:Creating environment descriptor '/home/muhammed-servan/PycharmProjects/uwbNode/install/uwb_mdek1001/share/uwb_mdek1001/hook/pythonpath.dsv'
[1.798s] INFO:colcon.colcon_core.shell:Creating environment hook '/home/muhammed-servan/PycharmProjects/uwbNode/install/uwb_mdek1001/share/uwb_mdek1001/hook/pythonpath.sh'
[1.799s] Level 1:colcon.colcon_core.environment:checking '/home/muhammed-servan/PycharmProjects/uwbNode/install/uwb_mdek1001/bin'
[1.799s] Level 1:colcon.colcon_core.environment:create_environment_scripts_only(uwb_mdek1001)
[1.799s] INFO:colcon.colcon_core.shell:Creating package script '/home/muhammed-servan/PycharmProjects/uwbNode/install/uwb_mdek1001/share/uwb_mdek1001/package.ps1'
[1.800s] INFO:colcon.colcon_core.shell:Creating package descriptor '/home/muhammed-servan/PycharmProjects/uwbNode/install/uwb_mdek1001/share/uwb_mdek1001/package.dsv'
[1.801s] INFO:colcon.colcon_core.shell:Creating package script '/home/muhammed-servan/PycharmProjects/uwbNode/install/uwb_mdek1001/share/uwb_mdek1001/package.sh'
[1.801s] INFO:colcon.colcon_core.shell:Creating package script '/home/muhammed-servan/PycharmProjects/uwbNode/install/uwb_mdek1001/share/uwb_mdek1001/package.bash'
[1.802s] INFO:colcon.colcon_core.shell:Creating package script '/home/muhammed-servan/PycharmProjects/uwbNode/install/uwb_mdek1001/share/uwb_mdek1001/package.zsh'
[1.802s] Level 1:colcon.colcon_core.environment:create_file_with_runtime_dependencies(/home/muhammed-servan/PycharmProjects/uwbNode/install/uwb_mdek1001/share/colcon-core/packages/uwb_mdek1001)
[1.803s] DEBUG:colcon.colcon_parallel_executor.executor.parallel:closing loop
[1.803s] DEBUG:colcon.colcon_parallel_executor.executor.parallel:loop closed
[1.803s] DEBUG:colcon.colcon_parallel_executor.executor.parallel:run_until_complete finished with '0'
[1.803s] DEBUG:colcon.colcon_core.event_reactor:joining thread
[1.809s] INFO:colcon.colcon_core.plugin_system:Skipping extension 'colcon_notification.desktop_notification.terminal_notifier': Not used on non-Darwin systems
[1.809s] INFO:colcon.colcon_core.plugin_system:Skipping extension 'colcon_notification.desktop_notification.win32': Not used on non-Windows systems
[1.809s] INFO:colcon.colcon_notification.desktop_notification:Sending desktop notification using 'notify2'
[1.824s] DEBUG:colcon.colcon_core.event_reactor:joined thread
[1.825s] INFO:colcon.colcon_core.shell:Creating prefix script '/home/muhammed-servan/PycharmProjects/uwbNode/install/local_setup.ps1'
[1.826s] INFO:colcon.colcon_core.shell:Creating prefix util module '/home/muhammed-servan/PycharmProjects/uwbNode/install/_local_setup_util_ps1.py'
[1.827s] INFO:colcon.colcon_core.shell:Creating prefix chain script '/home/muhammed-servan/PycharmProjects/uwbNode/install/setup.ps1'
[1.827s] INFO:colcon.colcon_core.shell:Creating prefix script '/home/muhammed-servan/PycharmProjects/uwbNode/install/local_setup.sh'
[1.828s] INFO:colcon.colcon_core.shell:Creating prefix util module '/home/muhammed-servan/PycharmProjects/uwbNode/install/_local_setup_util_sh.py'
[1.828s] INFO:colcon.colcon_core.shell:Creating prefix chain script '/home/muhammed-servan/PycharmProjects/uwbNode/install/setup.sh'
[1.829s] INFO:colcon.colcon_core.shell:Creating prefix script '/home/muhammed-servan/PycharmProjects/uwbNode/install/local_setup.bash'
[1.829s] INFO:colcon.colcon_core.shell:Creating prefix chain script '/home/muhammed-servan/PycharmProjects/uwbNode/install/setup.bash'
[1.830s] INFO:colcon.colcon_core.shell:Creating prefix script '/home/muhammed-servan/PycharmProjects/uwbNode/install/local_setup.zsh'
[1.830s] INFO:colcon.colcon_core.shell:Creating prefix chain script '/home/muhammed-servan/PycharmProjects/uwbNode/install/setup.zsh'
