running egg_info
creating ../../build/uwb_mdek1001/uwb_mdek1001.egg-info
writing ../../build/uwb_mdek1001/uwb_mdek1001.egg-info/PKG-INFO
writing dependency_links to ../../build/uwb_mdek1001/uwb_mdek1001.egg-info/dependency_links.txt
writing entry points to ../../build/uwb_mdek1001/uwb_mdek1001.egg-info/entry_points.txt
writing requirements to ../../build/uwb_mdek1001/uwb_mdek1001.egg-info/requires.txt
writing top-level names to ../../build/uwb_mdek1001/uwb_mdek1001.egg-info/top_level.txt
writing manifest file '../../build/uwb_mdek1001/uwb_mdek1001.egg-info/SOURCES.txt'
reading manifest file '../../build/uwb_mdek1001/uwb_mdek1001.egg-info/SOURCES.txt'
writing manifest file '../../build/uwb_mdek1001/uwb_mdek1001.egg-info/SOURCES.txt'
running build
running build_py
creating /home/muhammed-servan/PycharmProjects/uwbNode/build/uwb_mdek1001/build
creating /home/muhammed-servan/PycharmProjects/uwbNode/build/uwb_mdek1001/build/lib
creating /home/muhammed-servan/PycharmProjects/uwbNode/build/uwb_mdek1001/build/lib/uwb_mdek1001
copying uwb_mdek1001/uwb_node.py -> /home/muhammed-servan/PycharmProjects/uwbNode/build/uwb_mdek1001/build/lib/uwb_mdek1001
copying uwb_mdek1001/__init__.py -> /home/muhammed-servan/PycharmProjects/uwbNode/build/uwb_mdek1001/build/lib/uwb_mdek1001
running install
running install_lib
creating /home/muhammed-servan/PycharmProjects/uwbNode/install/uwb_mdek1001/lib/python3.12/site-packages/uwb_mdek1001
copying /home/muhammed-servan/PycharmProjects/uwbNode/build/uwb_mdek1001/build/lib/uwb_mdek1001/uwb_node.py -> /home/muhammed-servan/PycharmProjects/uwbNode/install/uwb_mdek1001/lib/python3.12/site-packages/uwb_mdek1001
copying /home/muhammed-servan/PycharmProjects/uwbNode/build/uwb_mdek1001/build/lib/uwb_mdek1001/__init__.py -> /home/muhammed-servan/PycharmProjects/uwbNode/install/uwb_mdek1001/lib/python3.12/site-packages/uwb_mdek1001
byte-compiling /home/muhammed-servan/PycharmProjects/uwbNode/install/uwb_mdek1001/lib/python3.12/site-packages/uwb_mdek1001/uwb_node.py to uwb_node.cpython-312.pyc
byte-compiling /home/muhammed-servan/PycharmProjects/uwbNode/install/uwb_mdek1001/lib/python3.12/site-packages/uwb_mdek1001/__init__.py to __init__.cpython-312.pyc
running install_data
creating /home/muhammed-servan/PycharmProjects/uwbNode/install/uwb_mdek1001/share/ament_index
creating /home/muhammed-servan/PycharmProjects/uwbNode/install/uwb_mdek1001/share/ament_index/resource_index
creating /home/muhammed-servan/PycharmProjects/uwbNode/install/uwb_mdek1001/share/ament_index/resource_index/packages
copying resource/uwb_mdek1001 -> /home/muhammed-servan/PycharmProjects/uwbNode/install/uwb_mdek1001/share/ament_index/resource_index/packages
copying package.xml -> /home/muhammed-servan/PycharmProjects/uwbNode/install/uwb_mdek1001/share/uwb_mdek1001
running install_egg_info
Copying ../../build/uwb_mdek1001/uwb_mdek1001.egg-info to /home/muhammed-servan/PycharmProjects/uwbNode/install/uwb_mdek1001/lib/python3.12/site-packages/uwb_mdek1001-0.0.1-py3.12.egg-info
running install_scripts
Installing uwb_node script to /home/muhammed-servan/PycharmProjects/uwbNode/install/uwb_mdek1001/lib/uwb_mdek1001
writing list of installed files to '/home/muhammed-servan/PycharmProjects/uwbNode/build/uwb_mdek1001/install.log'
